// Jest Snapshot v1, https://goo.gl/fbAQLP

exports[`should render Header correctly 1`] = `
<header
  className="header"
>
  <div
    className="content-container"
  >
    <div
      className="header__content"
    >
      <div
        className="header__links"
      >
        <[object Object]
          className="header__title"
          to="/dashboard"
        >
          <h1>
            Expensify
          </h1>
        </[object Object]>
        <[object Object]
          className="button button--link header__link"
          to="/customize"
        >
          Customize
        </[object Object]>
        <[object Object]
          className="button button--link header__link"
          to="/statistics"
        >
          Statistics
        </[object Object]>
      </div>
      <button
        className="button button--link"
        onClick={[Function]}
      >
        Logout
      </button>
    </div>
  </div>
</header>
`;
